C51 COMPILER V9.60.7.0   DOT_MATRIX_LCD_4BIT_MODE                                          07/05/2023 17:18:16 PAGE 1   


C51 COMPILER V9.60.7.0, COMPILATION OF MODULE DOT_MATRIX_LCD_4BIT_MODE
OBJECT MODULE PLACED IN .\Objects\Dot_Matrix_LCD_4bit_Mode.obj
COMPILER INVOKED BY: C:\Keil_v5\C51\BIN\C51.EXE Header\Dot_Matrix_LCD_4bit_Mode.c OPTIMIZE(8,SPEED) BROWSE DEBUG OBJECTE
                    -XTEND PRINT(.\Listings\Dot_Matrix_LCD_4bit_Mode.lst) TABS(2) OBJECT(.\Objects\Dot_Matrix_LCD_4bit_Mode.obj)

line level    source

   1          #include "Dot_Matrix_LCD_4bit_Mode.h"
   2          
   3          // --------------------------------------------------------------- Function definition
   4          void LCD_Init(void)
   5          {
   6   1        LCD_Port=0x00;
   7   1        LCD_Write(WR_CMD,SET_4BIT_MODE);
   8   1        LCD_Write(WR_CMD,EN_5x7_MODE);
   9   1        LCD_Write(WR_CMD,DISP_ON_CUR_OFF);
  10   1        LCD_Write(WR_CMD,INC_CURSOR);
  11   1        LCD_Write(WR_CMD,CURS_LINE_1);
  12   1      }
  13           
  14          void LCD_Write(unsigned char Wr_Type, unsigned char Wr_Val)
  15          {
  16   1        char Temp_Val;
  17   1        LCD_Busy_Check();
  18   1        LCD_Port &= 0x0F;
  19   1        LCD_RS = Wr_Type;
  20   1        LCD_RW=0;
  21   1        Temp_Val=(Wr_Val & 0xF0);
  22   1        LCD_Port |= Temp_Val;   //mask lower nibble because PA4-PA7 pins are used
  23   1        LCD_EN = 1;
  24   1        LCD_Delay(5);
  25   1        LCD_EN = 0;
  26   1       
  27   1        LCD_Port &= 0x0F;
  28   1        Temp_Val =((Wr_Val<<4) & 0xF0);
  29   1        LCD_Port |= Temp_Val;  //shift 4-bit and mask
  30   1        LCD_EN = 1;
  31   1        LCD_Delay(5);
  32   1        LCD_EN = 0;
  33   1      }
  34          
  35          void LCD_Delay(unsigned int count)
  36          {
  37   1        unsigned int i,j;
  38   1        for(i=0;i<count;i++)
  39   1        {
  40   2          for(j=0;j<1200;j++);
  41   2        }
  42   1      }
  43          
  44          void LCD_Write_String(unsigned char *str)
  45          {
  46   1        while(*str!='\0')
  47   1        {
  48   2          LCD_Write(WR_DATA,*str);
  49   2          str++; 
  50   2        }
  51   1      }
  52          
  53          void LCD_Busy_Check(void)
  54          {
C51 COMPILER V9.60.7.0   DOT_MATRIX_LCD_4BIT_MODE                                          07/05/2023 17:18:16 PAGE 2   

  55   1        LCD_D7=1;
  56   1        LCD_RS=0;
  57   1        LCD_RW=1;
  58   1        while(LCD_D7!=0)
  59   1        {
  60   2          LCD_EN=0;
  61   2          LCD_EN=1;
  62   2        }
  63   1      }


MODULE INFORMATION:   STATIC OVERLAYABLE
   CODE SIZE        =    169    ----
   CONSTANT SIZE    =   ----    ----
   XDATA SIZE       =   ----    ----
   PDATA SIZE       =   ----    ----
   DATA SIZE        =   ----       5
   IDATA SIZE       =   ----    ----
   BIT SIZE         =   ----    ----
END OF MODULE INFORMATION.


C51 COMPILATION COMPLETE.  0 WARNING(S),  0 ERROR(S)
