Archive member included because of file (symbol)

/usr/lib/gcc/avr/4.3.2/avr51/libgcc.a(_mulsi3.o)
                              ucos_ii.o (__mulsi3)
/usr/lib/gcc/avr/4.3.2/avr51/libgcc.a(_udivmodqi4.o)
                              2.o (__udivmodqi4)
/usr/lib/gcc/avr/4.3.2/avr51/libgcc.a(_divmodhi4.o)
                              2.o (__divmodhi4)
/usr/lib/gcc/avr/4.3.2/avr51/libgcc.a(_udivmodsi4.o)
                              ucos_ii.o (__udivmodsi4)
/usr/lib/gcc/avr/4.3.2/avr51/libgcc.a(_exit.o)
                              /usr/lib/gcc/avr/4.3.2/../../../avr/lib/avr51/crtm128.o (exit)
/usr/lib/gcc/avr/4.3.2/avr51/libgcc.a(_clear_bss.o)
                              2.o (__do_clear_bss)
/usr/lib/gcc/avr/4.3.2/avr51/libgcc.a(_fixunssfsi.o)
                              2.o (__fixunssfsi)
/usr/lib/gcc/avr/4.3.2/avr51/libgcc.a(_addsub_sf.o)
                              /usr/lib/gcc/avr/4.3.2/avr51/libgcc.a(_fixunssfsi.o) (__subsf3)
/usr/lib/gcc/avr/4.3.2/avr51/libgcc.a(_mul_sf.o)
                              2.o (__mulsf3)
/usr/lib/gcc/avr/4.3.2/avr51/libgcc.a(_gt_sf.o)
                              2.o (__gtsf2)
/usr/lib/gcc/avr/4.3.2/avr51/libgcc.a(_ge_sf.o)
                              /usr/lib/gcc/avr/4.3.2/avr51/libgcc.a(_fixunssfsi.o) (__gesf2)
/usr/lib/gcc/avr/4.3.2/avr51/libgcc.a(_lt_sf.o)
                              2.o (__ltsf2)
/usr/lib/gcc/avr/4.3.2/avr51/libgcc.a(_sf_to_si.o)
                              /usr/lib/gcc/avr/4.3.2/avr51/libgcc.a(_fixunssfsi.o) (__fixsfsi)
/usr/lib/gcc/avr/4.3.2/avr51/libgcc.a(_thenan_sf.o)
                              /usr/lib/gcc/avr/4.3.2/avr51/libgcc.a(_addsub_sf.o) (__thenan_sf)
/usr/lib/gcc/avr/4.3.2/avr51/libgcc.a(_udivmodhi4.o)
                              /usr/lib/gcc/avr/4.3.2/avr51/libgcc.a(_divmodhi4.o) (__udivmodhi4)
/usr/lib/gcc/avr/4.3.2/avr51/libgcc.a(_prologue.o)
                              /usr/lib/gcc/avr/4.3.2/avr51/libgcc.a(_addsub_sf.o) (__prologue_saves__)
/usr/lib/gcc/avr/4.3.2/avr51/libgcc.a(_epilogue.o)
                              /usr/lib/gcc/avr/4.3.2/avr51/libgcc.a(_addsub_sf.o) (__epilogue_restores__)
/usr/lib/gcc/avr/4.3.2/avr51/libgcc.a(_pack_sf.o)
                              /usr/lib/gcc/avr/4.3.2/avr51/libgcc.a(_addsub_sf.o) (__pack_f)
/usr/lib/gcc/avr/4.3.2/avr51/libgcc.a(_unpack_sf.o)
                              /usr/lib/gcc/avr/4.3.2/avr51/libgcc.a(_addsub_sf.o) (__unpack_f)
/usr/lib/gcc/avr/4.3.2/avr51/libgcc.a(_fpcmp_parts_sf.o)
                              /usr/lib/gcc/avr/4.3.2/avr51/libgcc.a(_gt_sf.o) (__fpcmp_parts_f)

Allocating common symbols
Common symbol       size              file

OSLockNesting       0x1               ucos_ii.o
OSRunning           0x1               ucos_ii.o
OSIdleCtr           0x4               ucos_ii.o
OSPrioHighRdy       0x1               ucos_ii.o
OSFlagTbl           0x4               ucos_ii.o
OSPrioCur           0x1               ucos_ii.o
OSTCBList           0x2               ucos_ii.o
OSCtxSwCtr          0x4               ucos_ii.o
OSTCBFreeList       0x2               ucos_ii.o
OSTaskCtr           0x1               ucos_ii.o
OSQTbl              0x1c              ucos_ii.o
OSTCBHighRdy        0x2               ucos_ii.o
OSQFreeList         0x2               ucos_ii.o
OSRdyGrp            0x1               ucos_ii.o
OSRdyTbl            0x2               ucos_ii.o
OSEventFreeList     0x2               ucos_ii.o
OSIntExitY          0x1               ucos_ii.o
OSIntNesting        0x1               ucos_ii.o
OSTCBCur            0x2               ucos_ii.o
OSTaskIdleStk       0x80              ucos_ii.o
OSEventTbl          0x38              ucos_ii.o
OSTCBTbl            0x108             ucos_ii.o
OSFlagFreeList      0x2               ucos_ii.o
OSTCBPrioTbl        0x1a              ucos_ii.o

Memory Configuration

Name             Origin             Length             Attributes
text             0x00000000         0x00020000         xr
data             0x00800060         0x0000ffa0         rw !x
eeprom           0x00810000         0x00010000         rw !x
fuse             0x00820000         0x00000400         rw !x
lock             0x00830000         0x00000400         rw !x
signature        0x00840000         0x00000400         rw !x
*default*        0x00000000         0xffffffff

Linker script and memory map

Address of section .data set to 0x800100
LOAD /usr/lib/gcc/avr/4.3.2/../../../avr/lib/avr51/crtm128.o
LOAD 2.o
LOAD os_cpu_c.o
LOAD ucos_ii.o
LOAD os_cpu_a.o
LOAD /usr/lib/gcc/avr/4.3.2/avr51/libgcc.a
LOAD /usr/lib/gcc/avr/4.3.2/../../../avr/lib/avr51/libc.a
LOAD /usr/lib/gcc/avr/4.3.2/avr51/libgcc.a

.hash
 *(.hash)

.dynsym
 *(.dynsym)

.dynstr
 *(.dynstr)

.gnu.version
 *(.gnu.version)

.gnu.version_d
 *(.gnu.version_d)

.gnu.version_r
 *(.gnu.version_r)

.rel.init
 *(.rel.init)

.rela.init
 *(.rela.init)

.rel.text
 *(.rel.text)
 *(.rel.text.*)
 *(.rel.gnu.linkonce.t*)

.rela.text
 *(.rela.text)
 *(.rela.text.*)
 *(.rela.gnu.linkonce.t*)

.rel.fini
 *(.rel.fini)

.rela.fini
 *(.rela.fini)

.rel.rodata
 *(.rel.rodata)
 *(.rel.rodata.*)
 *(.rel.gnu.linkonce.r*)

.rela.rodata
 *(.rela.rodata)
 *(.rela.rodata.*)
 *(.rela.gnu.linkonce.r*)

.rel.data
 *(.rel.data)
 *(.rel.data.*)
 *(.rel.gnu.linkonce.d*)

.rela.data
 *(.rela.data)
 *(.rela.data.*)
 *(.rela.gnu.linkonce.d*)

.rel.ctors
 *(.rel.ctors)

.rela.ctors
 *(.rela.ctors)

.rel.dtors
 *(.rel.dtors)

.rela.dtors
 *(.rela.dtors)

.rel.got
 *(.rel.got)

.rela.got
 *(.rela.got)

.rel.bss
 *(.rel.bss)

.rela.bss
 *(.rela.bss)

.rel.plt
 *(.rel.plt)

.rela.plt
 *(.rela.plt)

.text           0x00000000     0x481a
 *(.vectors)
 .vectors       0x00000000       0x8c /usr/lib/gcc/avr/4.3.2/../../../avr/lib/avr51/crtm128.o
                0x00000000                __vectors
                0x00000000                __vector_default
 *(.vectors)
 *(.progmem.gcc*)
 *(.progmem*)
                0x0000008c                . = ALIGN (0x2)
                0x0000008c                __trampolines_start = .
 *(.trampolines)
 .trampolines   0x0000008c        0x0 linker stubs
 *(.trampolines*)
                0x0000008c                __trampolines_end = .
 *(.jumptables)
 *(.jumptables*)
 *(.lowtext)
 *(.lowtext*)
                0x0000008c                __ctors_start = .
 *(.ctors)
                0x0000008c                __ctors_end = .
                0x0000008c                __dtors_start = .
 *(.dtors)
                0x0000008c                __dtors_end = .
 SORT(*)(.ctors)
 SORT(*)(.dtors)
 *(.init0)
 .init0         0x0000008c        0x0 /usr/lib/gcc/avr/4.3.2/../../../avr/lib/avr51/crtm128.o
                0x0000008c                __init
 *(.init0)
 *(.init1)
 *(.init1)
 *(.init2)
 .init2         0x0000008c        0xc /usr/lib/gcc/avr/4.3.2/../../../avr/lib/avr51/crtm128.o
 *(.init2)
 *(.init3)
 *(.init3)
 *(.init4)
 .init4         0x00000098       0x1a /usr/lib/gcc/avr/4.3.2/../../../avr/lib/avr51/crtm128.o
                0x00000098                __do_copy_data
 .init4         0x000000b2       0x10 /usr/lib/gcc/avr/4.3.2/avr51/libgcc.a(_clear_bss.o)
                0x000000b2                __do_clear_bss
 *(.init4)
 *(.init5)
 *(.init5)
 *(.init6)
 *(.init6)
 *(.init7)
 *(.init7)
 *(.init8)
 *(.init8)
 *(.init9)
 .init9         0x000000c2        0x8 /usr/lib/gcc/avr/4.3.2/../../../avr/lib/avr51/crtm128.o
 *(.init9)
 *(.text)
 .text          0x000000ca        0x4 /usr/lib/gcc/avr/4.3.2/../../../avr/lib/avr51/crtm128.o
                0x000000ca                __vector_22
                0x000000ca                __vector_28
                0x000000ca                __vector_1
                0x000000ca                __vector_32
                0x000000ca                __vector_34
                0x000000ca                __vector_24
                0x000000ca                __vector_12
                0x000000ca                __bad_interrupt
                0x000000ca                __vector_6
                0x000000ca                __vector_31
                0x000000ca                __vector_3
                0x000000ca                __vector_23
                0x000000ca                __vector_30
                0x000000ca                __vector_25
                0x000000ca                __vector_11
                0x000000ca                __vector_13
                0x000000ca                __vector_17
                0x000000ca                __vector_19
                0x000000ca                __vector_7
                0x000000ca                __vector_27
                0x000000ca                __vector_5
                0x000000ca                __vector_33
                0x000000ca                __vector_4
                0x000000ca                __vector_9
                0x000000ca                __vector_2
                0x000000ca                __vector_21
                0x000000ca                __vector_15
                0x000000ca                __vector_29
                0x000000ca                __vector_8
                0x000000ca                __vector_26
                0x000000ca                __vector_14
                0x000000ca                __vector_10
                0x000000ca                __vector_18
                0x000000ca                __vector_20
 .text          0x000000ce      0x9ae 2.o
                0x00000354                lcd_showvalue
                0x00000412                lcd_gotoxy1
                0x00000998                VT102DispStr
                0x0000024e                lcd_char
                0x0000068a                UART_Transmit_char
                0x000009fc                VT102DispClrScr
                0x00000462                WaitMs
                0x0000042e                lcd_gotoxy2
                0x000002a4                lcd_string
                0x00000a1a                VT102DispChar
                0x0000044a                lcd_exit
                0x000000ce                lcd_init
                0x0000079e                main
                0x00000780                UART_Receive
                0x0000012c                toggleE
                0x000004c2                UART_config
                0x000006f4                UART_Transmit_num
                0x000006ba                UART_Transmit_string
                0x000001f2                lcd_putchar
                0x000001a2                lcd_cmd
                0x0000015c                dely_ns
                0x00000958                VT102Attribute
 .text          0x00000a7c      0x344 os_cpu_c.o
                0x00000d24                OSTaskCreateHook
                0x00000d62                OSTaskStatHook
                0x00000d7e                OSInitHookBegin
                0x00000d3c                OSTaskDelHook
                0x00000d70                OSTimeTickHook
                0x00000da8                OSTCBInitHook
                0x00000a7c                OSTaskStkInit
                0x00000d8c                OSInitHookEnd
                0x00000d54                OSTaskSwHook
                0x00000d9a                OSTaskIdleHook
 .text          0x00000dc0     0x2bea ucos_ii.o
                0x00000df2                OSIntEnter
                0x0000171e                OS_TCBInit
                0x000018e8                OSFlagAccept
                0x000031fa                OSTaskCreate
                0x0000330a                OSTaskDel
                0x000027b4                OSMutexPend
                0x00000e1a                OSIntExit
                0x0000239c                OS_FlagUnlink
                0x00001626                OS_Sched
                0x000030ac                OSSemPend
                0x0000262e                OSMboxPost
                0x000022c4                OS_FlagInit
                0x00002fc6                OSSemAccept
                0x000010ee                OS_EventTaskRdy
                0x00002de2                OSQPend
                0x00003776                OSTimeDly
                0x00003810                OSTimeDlyHMSM
                0x0000318a                OSSemPost
                0x00000f1e                OSSchedUnlock
                0x00002142                OSFlagQuery
                0x000010e0                OS_Dummy
                0x00001f6e                OSFlagPost
                0x0000125c                OS_EventTaskWait
                0x00003548                OSTaskDelReq
                0x000026a0                OSMutexCreate
                0x00000f66                OSStart
                0x000035c0                OSTaskResume
                0x00002c98                OSQCreate
                0x00000ffc                OSTimeTick
                0x00003012                OSSemCreate
                0x00000ef2                OSSchedLock
                0x00001a92                OSFlagCreate
                0x00001b36                OSFlagDel
                0x00001c7a                OSFlagPend
                0x0000247e                OSMboxCreate
                0x00002518                OSMboxPend
                0x00002a36                OSMutexPost
                0x00002444                OSMboxAccept
                0x00000dc0                OSInit
                0x00001342                OS_EventTO
                0x00002f4a                OS_QInit
                0x000010ce                OSVersion
                0x000013e8                OS_EventWaitListInit
                0x0000368e                OSTaskSuspend
                0x000016e0                OS_TaskIdle
 .text          0x000039aa      0x262 os_cpu_a.o
                0x000039aa                OSStartHighRdy
                0x00003a12                OSCtxSw
                0x00003ad8                OSIntCtxSw
                0x00003b46                OSTickISR
                0x00003b46                __vector_16
 .text          0x00003c0c        0x0 /usr/lib/gcc/avr/4.3.2/avr51/libgcc.a(_mulsi3.o)
 .text          0x00003c0c        0x0 /usr/lib/gcc/avr/4.3.2/avr51/libgcc.a(_udivmodqi4.o)
 .text          0x00003c0c        0x0 /usr/lib/gcc/avr/4.3.2/avr51/libgcc.a(_divmodhi4.o)
 .text          0x00003c0c        0x0 /usr/lib/gcc/avr/4.3.2/avr51/libgcc.a(_udivmodsi4.o)
 .text          0x00003c0c        0x0 /usr/lib/gcc/avr/4.3.2/avr51/libgcc.a(_exit.o)
 .text          0x00003c0c        0x0 /usr/lib/gcc/avr/4.3.2/avr51/libgcc.a(_clear_bss.o)
 .text          0x00003c0c       0x58 /usr/lib/gcc/avr/4.3.2/avr51/libgcc.a(_fixunssfsi.o)
                0x00003c0c                __fixunssfsi
 .text          0x00003c64      0x354 /usr/lib/gcc/avr/4.3.2/avr51/libgcc.a(_addsub_sf.o)
                0x00003efc                __subsf3
                0x00003f5e                __addsf3
 .text          0x00003fb8      0x1f4 /usr/lib/gcc/avr/4.3.2/avr51/libgcc.a(_mul_sf.o)
                0x00003fb8                __mulsf3
 .text          0x000041ac       0x60 /usr/lib/gcc/avr/4.3.2/avr51/libgcc.a(_gt_sf.o)
                0x000041ac                __gtsf2
 .text          0x0000420c       0x60 /usr/lib/gcc/avr/4.3.2/avr51/libgcc.a(_ge_sf.o)
                0x0000420c                __gesf2
 .text          0x0000426c       0x60 /usr/lib/gcc/avr/4.3.2/avr51/libgcc.a(_lt_sf.o)
                0x0000426c                __ltsf2
 .text          0x000042cc       0xa8 /usr/lib/gcc/avr/4.3.2/avr51/libgcc.a(_sf_to_si.o)
                0x000042cc                __fixsfsi
 .text          0x00004374        0x0 /usr/lib/gcc/avr/4.3.2/avr51/libgcc.a(_thenan_sf.o)
 .text          0x00004374        0x0 /usr/lib/gcc/avr/4.3.2/avr51/libgcc.a(_udivmodhi4.o)
 .text          0x00004374        0x0 /usr/lib/gcc/avr/4.3.2/avr51/libgcc.a(_prologue.o)
 .text          0x00004374        0x0 /usr/lib/gcc/avr/4.3.2/avr51/libgcc.a(_epilogue.o)
 .text          0x00004374      0x1aa /usr/lib/gcc/avr/4.3.2/avr51/libgcc.a(_pack_sf.o)
                0x00004374                __pack_f
 .text          0x0000451e       0xf0 /usr/lib/gcc/avr/4.3.2/avr51/libgcc.a(_unpack_sf.o)
                0x0000451e                __unpack_f
 .text          0x0000460e       0xb2 /usr/lib/gcc/avr/4.3.2/avr51/libgcc.a(_fpcmp_parts_sf.o)
                0x0000460e                __fpcmp_parts_f
                0x000046c0                . = ALIGN (0x2)
 *(.text.*)
 .text.libgcc   0x000046c0       0x3e /usr/lib/gcc/avr/4.3.2/avr51/libgcc.a(_mulsi3.o)
                0x000046c0                __mulsi3
 .text.libgcc   0x000046fe       0x18 /usr/lib/gcc/avr/4.3.2/avr51/libgcc.a(_udivmodqi4.o)
                0x000046fe                __udivmodqi4
 .text.libgcc   0x00004716       0x26 /usr/lib/gcc/avr/4.3.2/avr51/libgcc.a(_divmodhi4.o)
                0x00004716                __divmodhi4
                0x00004716                _div
 .text.libgcc   0x0000473c       0x44 /usr/lib/gcc/avr/4.3.2/avr51/libgcc.a(_udivmodsi4.o)
                0x0000473c                __udivmodsi4
 .text.libgcc   0x00004780        0x0 /usr/lib/gcc/avr/4.3.2/avr51/libgcc.a(_exit.o)
 .text.libgcc   0x00004780        0x0 /usr/lib/gcc/avr/4.3.2/avr51/libgcc.a(_clear_bss.o)
 .text.libgcc   0x00004780       0x28 /usr/lib/gcc/avr/4.3.2/avr51/libgcc.a(_udivmodhi4.o)
                0x00004780                __udivmodhi4
 .text.libgcc   0x000047a8       0x38 /usr/lib/gcc/avr/4.3.2/avr51/libgcc.a(_prologue.o)
                0x000047a8                __prologue_saves__
 .text.libgcc   0x000047e0       0x36 /usr/lib/gcc/avr/4.3.2/avr51/libgcc.a(_epilogue.o)
                0x000047e0                __epilogue_restores__
                0x00004816                . = ALIGN (0x2)
 *(.fini9)
 .fini9         0x00004816        0x0 /usr/lib/gcc/avr/4.3.2/avr51/libgcc.a(_exit.o)
                0x00004816                exit
                0x00004816                _exit
 *(.fini9)
 *(.fini8)
 *(.fini8)
 *(.fini7)
 *(.fini7)
 *(.fini6)
 *(.fini6)
 *(.fini5)
 *(.fini5)
 *(.fini4)
 *(.fini4)
 *(.fini3)
 *(.fini3)
 *(.fini2)
 *(.fini2)
 *(.fini1)
 *(.fini1)
 *(.fini0)
 .fini0         0x00004816        0x4 /usr/lib/gcc/avr/4.3.2/avr51/libgcc.a(_exit.o)
 *(.fini0)
                0x0000481a                _etext = .

.data           0x00800100      0x154 load address 0x0000481a
                0x00800100                PROVIDE (__data_start, .)
 *(.data)
 .data          0x00800100        0x0 /usr/lib/gcc/avr/4.3.2/../../../avr/lib/avr51/crtm128.o
 .data          0x00800100       0x43 2.o
 .data          0x00800143        0x0 os_cpu_c.o
 .data          0x00800143      0x108 ucos_ii.o
                0x00800143                OSMapTbl
                0x0080014b                OSUnMapTbl
 .data          0x0080024b        0x0 os_cpu_a.o
 .data          0x0080024b        0x0 /usr/lib/gcc/avr/4.3.2/avr51/libgcc.a(_mulsi3.o)
 .data          0x0080024b        0x0 /usr/lib/gcc/avr/4.3.2/avr51/libgcc.a(_udivmodqi4.o)
 .data          0x0080024b        0x0 /usr/lib/gcc/avr/4.3.2/avr51/libgcc.a(_divmodhi4.o)
 .data          0x0080024b        0x0 /usr/lib/gcc/avr/4.3.2/avr51/libgcc.a(_udivmodsi4.o)
 .data          0x0080024b        0x0 /usr/lib/gcc/avr/4.3.2/avr51/libgcc.a(_exit.o)
 .data          0x0080024b        0x0 /usr/lib/gcc/avr/4.3.2/avr51/libgcc.a(_clear_bss.o)
 .data          0x0080024b        0x0 /usr/lib/gcc/avr/4.3.2/avr51/libgcc.a(_fixunssfsi.o)
 .data          0x0080024b        0x0 /usr/lib/gcc/avr/4.3.2/avr51/libgcc.a(_addsub_sf.o)
 .data          0x0080024b        0x0 /usr/lib/gcc/avr/4.3.2/avr51/libgcc.a(_mul_sf.o)
 .data          0x0080024b        0x0 /usr/lib/gcc/avr/4.3.2/avr51/libgcc.a(_gt_sf.o)
 .data          0x0080024b        0x0 /usr/lib/gcc/avr/4.3.2/avr51/libgcc.a(_ge_sf.o)
 .data          0x0080024b        0x0 /usr/lib/gcc/avr/4.3.2/avr51/libgcc.a(_lt_sf.o)
 .data          0x0080024b        0x0 /usr/lib/gcc/avr/4.3.2/avr51/libgcc.a(_sf_to_si.o)
 .data          0x0080024b        0x8 /usr/lib/gcc/avr/4.3.2/avr51/libgcc.a(_thenan_sf.o)
                0x0080024b                __thenan_sf
 .data          0x00800253        0x0 /usr/lib/gcc/avr/4.3.2/avr51/libgcc.a(_udivmodhi4.o)
 .data          0x00800253        0x0 /usr/lib/gcc/avr/4.3.2/avr51/libgcc.a(_prologue.o)
 .data          0x00800253        0x0 /usr/lib/gcc/avr/4.3.2/avr51/libgcc.a(_epilogue.o)
 .data          0x00800253        0x0 /usr/lib/gcc/avr/4.3.2/avr51/libgcc.a(_pack_sf.o)
 .data          0x00800253        0x0 /usr/lib/gcc/avr/4.3.2/avr51/libgcc.a(_unpack_sf.o)
 .data          0x00800253        0x0 /usr/lib/gcc/avr/4.3.2/avr51/libgcc.a(_fpcmp_parts_sf.o)
 *(.data*)
 *(.rodata)
 *(.rodata*)
 *(.gnu.linkonce.d*)
                0x00800254                . = ALIGN (0x2)
 *fill*         0x00800253        0x1 00
                0x00800254                _edata = .
                0x00800254                PROVIDE (__data_end, .)

.bss            0x00800254      0x21d load address 0x0000496e
                0x00800254                PROVIDE (__bss_start, .)
 *(.bss)
 .bss           0x00800254        0x0 /usr/lib/gcc/avr/4.3.2/../../../avr/lib/avr51/crtm128.o
 .bss           0x00800254        0x3 2.o
                0x00800255                j
                0x00800254                k
                0x00800256                save
 .bss           0x00800257        0x0 os_cpu_c.o
 .bss           0x00800257        0x0 ucos_ii.o
 .bss           0x00800257        0x0 os_cpu_a.o
 .bss           0x00800257        0x0 /usr/lib/gcc/avr/4.3.2/avr51/libgcc.a(_mulsi3.o)
 .bss           0x00800257        0x0 /usr/lib/gcc/avr/4.3.2/avr51/libgcc.a(_udivmodqi4.o)
 .bss           0x00800257        0x0 /usr/lib/gcc/avr/4.3.2/avr51/libgcc.a(_divmodhi4.o)
 .bss           0x00800257        0x0 /usr/lib/gcc/avr/4.3.2/avr51/libgcc.a(_udivmodsi4.o)
 .bss           0x00800257        0x0 /usr/lib/gcc/avr/4.3.2/avr51/libgcc.a(_exit.o)
 .bss           0x00800257        0x0 /usr/lib/gcc/avr/4.3.2/avr51/libgcc.a(_clear_bss.o)
 .bss           0x00800257        0x0 /usr/lib/gcc/avr/4.3.2/avr51/libgcc.a(_fixunssfsi.o)
 .bss           0x00800257        0x0 /usr/lib/gcc/avr/4.3.2/avr51/libgcc.a(_addsub_sf.o)
 .bss           0x00800257        0x0 /usr/lib/gcc/avr/4.3.2/avr51/libgcc.a(_mul_sf.o)
 .bss           0x00800257        0x0 /usr/lib/gcc/avr/4.3.2/avr51/libgcc.a(_gt_sf.o)
 .bss           0x00800257        0x0 /usr/lib/gcc/avr/4.3.2/avr51/libgcc.a(_ge_sf.o)
 .bss           0x00800257        0x0 /usr/lib/gcc/avr/4.3.2/avr51/libgcc.a(_lt_sf.o)
 .bss           0x00800257        0x0 /usr/lib/gcc/avr/4.3.2/avr51/libgcc.a(_sf_to_si.o)
 .bss           0x00800257        0x0 /usr/lib/gcc/avr/4.3.2/avr51/libgcc.a(_thenan_sf.o)
 .bss           0x00800257        0x0 /usr/lib/gcc/avr/4.3.2/avr51/libgcc.a(_udivmodhi4.o)
 .bss           0x00800257        0x0 /usr/lib/gcc/avr/4.3.2/avr51/libgcc.a(_prologue.o)
 .bss           0x00800257        0x0 /usr/lib/gcc/avr/4.3.2/avr51/libgcc.a(_epilogue.o)
 .bss           0x00800257        0x0 /usr/lib/gcc/avr/4.3.2/avr51/libgcc.a(_pack_sf.o)
 .bss           0x00800257        0x0 /usr/lib/gcc/avr/4.3.2/avr51/libgcc.a(_unpack_sf.o)
 .bss           0x00800257        0x0 /usr/lib/gcc/avr/4.3.2/avr51/libgcc.a(_fpcmp_parts_sf.o)
 *(.bss*)
 *(COMMON)
 COMMON         0x00800257      0x21a ucos_ii.o
                0x00800257                OSLockNesting
                0x00800258                OSRunning
                0x00800259                OSIdleCtr
                0x0080025d                OSPrioHighRdy
                0x0080025e                OSFlagTbl
                0x00800262                OSPrioCur
                0x00800263                OSTCBList
                0x00800265                OSCtxSwCtr
                0x00800269                OSTCBFreeList
                0x0080026b                OSTaskCtr
                0x0080026c                OSQTbl
                0x00800288                OSTCBHighRdy
                0x0080028a                OSQFreeList
                0x0080028c                OSRdyGrp
                0x0080028d                OSRdyTbl
                0x0080028f                OSEventFreeList
                0x00800291                OSIntExitY
                0x00800292                OSIntNesting
                0x00800293                OSTCBCur
                0x00800295                OSTaskIdleStk
                0x00800315                OSEventTbl
                0x0080034d                OSTCBTbl
                0x00800455                OSFlagFreeList
                0x00800457                OSTCBPrioTbl
                0x00800471                PROVIDE (__bss_end, .)
                0x0000481a                __data_load_start = LOADADDR (.data)
                0x0000496e                __data_load_end = (__data_load_start + SIZEOF (.data))

.noinit         0x00800471        0x0
                0x00800471                PROVIDE (__noinit_start, .)
 *(.noinit*)
                0x00800471                PROVIDE (__noinit_end, .)
                0x00800471                _end = .
                0x00800471                PROVIDE (__heap_start, .)

.eeprom         0x00810000        0x0
 *(.eeprom*)
                0x00810000                __eeprom_end = .

.fuse
 *(.fuse)
 *(.lfuse)
 *(.hfuse)
 *(.efuse)

.lock
 *(.lock*)

.signature
 *(.signature*)

.stab           0x00000000      0xad4
 *(.stab)
 .stab          0x00000000      0x750 /usr/lib/gcc/avr/4.3.2/../../../avr/lib/avr51/crtm128.o
 .stab          0x00000750      0x384 os_cpu_a.o
                                0x390 (size before relaxing)

.stabstr        0x00000000       0xb6
 *(.stabstr)
 .stabstr       0x00000000       0xb6 /usr/lib/gcc/avr/4.3.2/../../../avr/lib/avr51/crtm128.o

.stab.excl
 *(.stab.excl)

.stab.exclstr
 *(.stab.exclstr)

.stab.index
 *(.stab.index)

.stab.indexstr
 *(.stab.indexstr)

.comment
 *(.comment)

.debug
 *(.debug)

.line
 *(.line)

.debug_srcinfo
 *(.debug_srcinfo)

.debug_sfnames
 *(.debug_sfnames)

.debug_aranges
 *(.debug_aranges)

.debug_pubnames
 *(.debug_pubnames)

.debug_info
 *(.debug_info)
 *(.gnu.linkonce.wi.*)

.debug_abbrev
 *(.debug_abbrev)

.debug_line
 *(.debug_line)

.debug_frame
 *(.debug_frame)

.debug_str
 *(.debug_str)

.debug_loc
 *(.debug_loc)

.debug_macinfo
 *(.debug_macinfo)
OUTPUT(2.elf elf32-avr)
LOAD linker stubs

Cross Reference Table

Symbol                                            File
OSCtxSw                                           os_cpu_a.o
                                                  ucos_ii.o
OSCtxSwCtr                                        ucos_ii.o
OSEventFreeList                                   ucos_ii.o
OSEventTbl                                        ucos_ii.o
OSFlagAccept                                      ucos_ii.o
OSFlagCreate                                      ucos_ii.o
OSFlagDel                                         ucos_ii.o
OSFlagFreeList                                    ucos_ii.o
OSFlagPend                                        ucos_ii.o
OSFlagPost                                        ucos_ii.o
OSFlagQuery                                       ucos_ii.o
OSFlagTbl                                         ucos_ii.o
OSIdleCtr                                         ucos_ii.o
OSInit                                            ucos_ii.o
OSInitHookBegin                                   os_cpu_c.o
                                                  ucos_ii.o
OSInitHookEnd                                     os_cpu_c.o
                                                  ucos_ii.o
OSIntCtxSw                                        os_cpu_a.o
                                                  ucos_ii.o
OSIntEnter                                        ucos_ii.o
OSIntExit                                         ucos_ii.o
                                                  os_cpu_a.o
OSIntExitY                                        ucos_ii.o
OSIntNesting                                      os_cpu_a.o
                                                  ucos_ii.o
OSLockNesting                                     ucos_ii.o
OSMapTbl                                          ucos_ii.o
OSMboxAccept                                      ucos_ii.o
OSMboxCreate                                      ucos_ii.o
OSMboxPend                                        ucos_ii.o
OSMboxPost                                        ucos_ii.o
OSMutexCreate                                     ucos_ii.o
OSMutexPend                                       ucos_ii.o
OSMutexPost                                       ucos_ii.o
OSPrioCur                                         os_cpu_a.o
                                                  ucos_ii.o
OSPrioHighRdy                                     os_cpu_a.o
                                                  ucos_ii.o
OSQCreate                                         ucos_ii.o
OSQFreeList                                       ucos_ii.o
OSQPend                                           ucos_ii.o
OSQTbl                                            ucos_ii.o
OSRdyGrp                                          ucos_ii.o
OSRdyTbl                                          ucos_ii.o
OSRunning                                         os_cpu_a.o
                                                  ucos_ii.o
OSSchedLock                                       ucos_ii.o
OSSchedUnlock                                     ucos_ii.o
OSSemAccept                                       ucos_ii.o
OSSemCreate                                       ucos_ii.o
OSSemPend                                         ucos_ii.o
OSSemPost                                         ucos_ii.o
OSStart                                           ucos_ii.o
OSStartHighRdy                                    os_cpu_a.o
                                                  ucos_ii.o
OSTCBCur                                          os_cpu_a.o
                                                  ucos_ii.o
OSTCBFreeList                                     ucos_ii.o
OSTCBHighRdy                                      os_cpu_a.o
                                                  ucos_ii.o
OSTCBInitHook                                     os_cpu_c.o
                                                  ucos_ii.o
OSTCBList                                         ucos_ii.o
OSTCBPrioTbl                                      ucos_ii.o
OSTCBTbl                                          ucos_ii.o
OSTaskCreate                                      ucos_ii.o
OSTaskCreateHook                                  os_cpu_c.o
                                                  ucos_ii.o
OSTaskCtr                                         ucos_ii.o
OSTaskDel                                         ucos_ii.o
OSTaskDelHook                                     os_cpu_c.o
                                                  ucos_ii.o
OSTaskDelReq                                      ucos_ii.o
OSTaskIdleHook                                    os_cpu_c.o
                                                  ucos_ii.o
OSTaskIdleStk                                     ucos_ii.o
OSTaskResume                                      ucos_ii.o
OSTaskStatHook                                    os_cpu_c.o
OSTaskStkInit                                     os_cpu_c.o
                                                  ucos_ii.o
OSTaskSuspend                                     ucos_ii.o
OSTaskSwHook                                      os_cpu_c.o
                                                  os_cpu_a.o
OSTickISR                                         os_cpu_a.o
OSTimeDly                                         ucos_ii.o
OSTimeDlyHMSM                                     ucos_ii.o
OSTimeTick                                        ucos_ii.o
                                                  os_cpu_a.o
OSTimeTickHook                                    os_cpu_c.o
                                                  ucos_ii.o
OSUnMapTbl                                        ucos_ii.o
OSVersion                                         ucos_ii.o
OS_Dummy                                          ucos_ii.o
OS_EventTO                                        ucos_ii.o
OS_EventTaskRdy                                   ucos_ii.o
OS_EventTaskWait                                  ucos_ii.o
OS_EventWaitListInit                              ucos_ii.o
OS_FlagInit                                       ucos_ii.o
OS_FlagUnlink                                     ucos_ii.o
OS_QInit                                          ucos_ii.o
OS_Sched                                          ucos_ii.o
OS_TCBInit                                        ucos_ii.o
OS_TaskIdle                                       ucos_ii.o
UART_Receive                                      2.o
UART_Transmit_char                                2.o
UART_Transmit_num                                 2.o
UART_Transmit_string                              2.o
UART_config                                       2.o
VT102Attribute                                    2.o
VT102DispChar                                     2.o
VT102DispClrScr                                   2.o
VT102DispStr                                      2.o
WaitMs                                            2.o
__addsf3                                          /usr/lib/gcc/avr/4.3.2/avr51/libgcc.a(_addsub_sf.o)
__bad_interrupt                                   /usr/lib/gcc/avr/4.3.2/../../../avr/lib/avr51/crtm128.o
__bss_end                                         /usr/lib/gcc/avr/4.3.2/avr51/libgcc.a(_clear_bss.o)
__bss_start                                       /usr/lib/gcc/avr/4.3.2/avr51/libgcc.a(_clear_bss.o)
__data_end                                        /usr/lib/gcc/avr/4.3.2/../../../avr/lib/avr51/crtm128.o
__data_load_start                                 /usr/lib/gcc/avr/4.3.2/../../../avr/lib/avr51/crtm128.o
__data_start                                      /usr/lib/gcc/avr/4.3.2/../../../avr/lib/avr51/crtm128.o
__divmodhi4                                       /usr/lib/gcc/avr/4.3.2/avr51/libgcc.a(_divmodhi4.o)
                                                  2.o
__do_clear_bss                                    /usr/lib/gcc/avr/4.3.2/avr51/libgcc.a(_clear_bss.o)
                                                  /usr/lib/gcc/avr/4.3.2/avr51/libgcc.a(_fpcmp_parts_sf.o)
                                                  /usr/lib/gcc/avr/4.3.2/avr51/libgcc.a(_unpack_sf.o)
                                                  /usr/lib/gcc/avr/4.3.2/avr51/libgcc.a(_pack_sf.o)
                                                  /usr/lib/gcc/avr/4.3.2/avr51/libgcc.a(_thenan_sf.o)
                                                  /usr/lib/gcc/avr/4.3.2/avr51/libgcc.a(_sf_to_si.o)
                                                  /usr/lib/gcc/avr/4.3.2/avr51/libgcc.a(_lt_sf.o)
                                                  /usr/lib/gcc/avr/4.3.2/avr51/libgcc.a(_ge_sf.o)
                                                  /usr/lib/gcc/avr/4.3.2/avr51/libgcc.a(_gt_sf.o)
                                                  /usr/lib/gcc/avr/4.3.2/avr51/libgcc.a(_mul_sf.o)
                                                  /usr/lib/gcc/avr/4.3.2/avr51/libgcc.a(_addsub_sf.o)
                                                  /usr/lib/gcc/avr/4.3.2/avr51/libgcc.a(_fixunssfsi.o)
                                                  ucos_ii.o
                                                  os_cpu_c.o
                                                  2.o
__do_copy_data                                    /usr/lib/gcc/avr/4.3.2/../../../avr/lib/avr51/crtm128.o
                                                  /usr/lib/gcc/avr/4.3.2/avr51/libgcc.a(_fpcmp_parts_sf.o)
                                                  /usr/lib/gcc/avr/4.3.2/avr51/libgcc.a(_unpack_sf.o)
                                                  /usr/lib/gcc/avr/4.3.2/avr51/libgcc.a(_pack_sf.o)
                                                  /usr/lib/gcc/avr/4.3.2/avr51/libgcc.a(_thenan_sf.o)
                                                  /usr/lib/gcc/avr/4.3.2/avr51/libgcc.a(_sf_to_si.o)
                                                  /usr/lib/gcc/avr/4.3.2/avr51/libgcc.a(_lt_sf.o)
                                                  /usr/lib/gcc/avr/4.3.2/avr51/libgcc.a(_ge_sf.o)
                                                  /usr/lib/gcc/avr/4.3.2/avr51/libgcc.a(_gt_sf.o)
                                                  /usr/lib/gcc/avr/4.3.2/avr51/libgcc.a(_mul_sf.o)
                                                  /usr/lib/gcc/avr/4.3.2/avr51/libgcc.a(_addsub_sf.o)
                                                  /usr/lib/gcc/avr/4.3.2/avr51/libgcc.a(_fixunssfsi.o)
                                                  ucos_ii.o
                                                  os_cpu_c.o
                                                  2.o
__epilogue_restores__                             /usr/lib/gcc/avr/4.3.2/avr51/libgcc.a(_epilogue.o)
                                                  /usr/lib/gcc/avr/4.3.2/avr51/libgcc.a(_sf_to_si.o)
                                                  /usr/lib/gcc/avr/4.3.2/avr51/libgcc.a(_lt_sf.o)
                                                  /usr/lib/gcc/avr/4.3.2/avr51/libgcc.a(_ge_sf.o)
                                                  /usr/lib/gcc/avr/4.3.2/avr51/libgcc.a(_gt_sf.o)
                                                  /usr/lib/gcc/avr/4.3.2/avr51/libgcc.a(_mul_sf.o)
                                                  /usr/lib/gcc/avr/4.3.2/avr51/libgcc.a(_addsub_sf.o)
__fixsfsi                                         /usr/lib/gcc/avr/4.3.2/avr51/libgcc.a(_sf_to_si.o)
                                                  /usr/lib/gcc/avr/4.3.2/avr51/libgcc.a(_fixunssfsi.o)
__fixunssfsi                                      /usr/lib/gcc/avr/4.3.2/avr51/libgcc.a(_fixunssfsi.o)
                                                  2.o
__fpcmp_parts_f                                   /usr/lib/gcc/avr/4.3.2/avr51/libgcc.a(_fpcmp_parts_sf.o)
                                                  /usr/lib/gcc/avr/4.3.2/avr51/libgcc.a(_lt_sf.o)
                                                  /usr/lib/gcc/avr/4.3.2/avr51/libgcc.a(_ge_sf.o)
                                                  /usr/lib/gcc/avr/4.3.2/avr51/libgcc.a(_gt_sf.o)
__gesf2                                           /usr/lib/gcc/avr/4.3.2/avr51/libgcc.a(_ge_sf.o)
                                                  /usr/lib/gcc/avr/4.3.2/avr51/libgcc.a(_fixunssfsi.o)
__gtsf2                                           /usr/lib/gcc/avr/4.3.2/avr51/libgcc.a(_gt_sf.o)
                                                  2.o
__heap_end                                        /usr/lib/gcc/avr/4.3.2/../../../avr/lib/avr51/crtm128.o
__init                                            /usr/lib/gcc/avr/4.3.2/../../../avr/lib/avr51/crtm128.o
__ltsf2                                           /usr/lib/gcc/avr/4.3.2/avr51/libgcc.a(_lt_sf.o)
                                                  2.o
__mulsf3                                          /usr/lib/gcc/avr/4.3.2/avr51/libgcc.a(_mul_sf.o)
                                                  2.o
__mulsi3                                          /usr/lib/gcc/avr/4.3.2/avr51/libgcc.a(_mulsi3.o)
                                                  ucos_ii.o
__pack_f                                          /usr/lib/gcc/avr/4.3.2/avr51/libgcc.a(_pack_sf.o)
                                                  /usr/lib/gcc/avr/4.3.2/avr51/libgcc.a(_mul_sf.o)
                                                  /usr/lib/gcc/avr/4.3.2/avr51/libgcc.a(_addsub_sf.o)
__prologue_saves__                                /usr/lib/gcc/avr/4.3.2/avr51/libgcc.a(_prologue.o)
                                                  /usr/lib/gcc/avr/4.3.2/avr51/libgcc.a(_sf_to_si.o)
                                                  /usr/lib/gcc/avr/4.3.2/avr51/libgcc.a(_lt_sf.o)
                                                  /usr/lib/gcc/avr/4.3.2/avr51/libgcc.a(_ge_sf.o)
                                                  /usr/lib/gcc/avr/4.3.2/avr51/libgcc.a(_gt_sf.o)
                                                  /usr/lib/gcc/avr/4.3.2/avr51/libgcc.a(_mul_sf.o)
                                                  /usr/lib/gcc/avr/4.3.2/avr51/libgcc.a(_addsub_sf.o)
__stack                                           /usr/lib/gcc/avr/4.3.2/../../../avr/lib/avr51/crtm128.o
__subsf3                                          /usr/lib/gcc/avr/4.3.2/avr51/libgcc.a(_addsub_sf.o)
                                                  /usr/lib/gcc/avr/4.3.2/avr51/libgcc.a(_fixunssfsi.o)
__thenan_sf                                       /usr/lib/gcc/avr/4.3.2/avr51/libgcc.a(_thenan_sf.o)
                                                  /usr/lib/gcc/avr/4.3.2/avr51/libgcc.a(_mul_sf.o)
                                                  /usr/lib/gcc/avr/4.3.2/avr51/libgcc.a(_addsub_sf.o)
__udivmodhi4                                      /usr/lib/gcc/avr/4.3.2/avr51/libgcc.a(_udivmodhi4.o)
                                                  /usr/lib/gcc/avr/4.3.2/avr51/libgcc.a(_divmodhi4.o)
__udivmodqi4                                      /usr/lib/gcc/avr/4.3.2/avr51/libgcc.a(_udivmodqi4.o)
                                                  2.o
__udivmodsi4                                      /usr/lib/gcc/avr/4.3.2/avr51/libgcc.a(_udivmodsi4.o)
                                                  ucos_ii.o
__unpack_f                                        /usr/lib/gcc/avr/4.3.2/avr51/libgcc.a(_unpack_sf.o)
                                                  /usr/lib/gcc/avr/4.3.2/avr51/libgcc.a(_sf_to_si.o)
                                                  /usr/lib/gcc/avr/4.3.2/avr51/libgcc.a(_lt_sf.o)
                                                  /usr/lib/gcc/avr/4.3.2/avr51/libgcc.a(_ge_sf.o)
                                                  /usr/lib/gcc/avr/4.3.2/avr51/libgcc.a(_gt_sf.o)
                                                  /usr/lib/gcc/avr/4.3.2/avr51/libgcc.a(_mul_sf.o)
                                                  /usr/lib/gcc/avr/4.3.2/avr51/libgcc.a(_addsub_sf.o)
__vector_1                                        /usr/lib/gcc/avr/4.3.2/../../../avr/lib/avr51/crtm128.o
__vector_10                                       /usr/lib/gcc/avr/4.3.2/../../../avr/lib/avr51/crtm128.o
__vector_11                                       /usr/lib/gcc/avr/4.3.2/../../../avr/lib/avr51/crtm128.o
__vector_12                                       /usr/lib/gcc/avr/4.3.2/../../../avr/lib/avr51/crtm128.o
__vector_13                                       /usr/lib/gcc/avr/4.3.2/../../../avr/lib/avr51/crtm128.o
__vector_14                                       /usr/lib/gcc/avr/4.3.2/../../../avr/lib/avr51/crtm128.o
__vector_15                                       /usr/lib/gcc/avr/4.3.2/../../../avr/lib/avr51/crtm128.o
__vector_16                                       os_cpu_a.o
                                                  /usr/lib/gcc/avr/4.3.2/../../../avr/lib/avr51/crtm128.o
__vector_17                                       /usr/lib/gcc/avr/4.3.2/../../../avr/lib/avr51/crtm128.o
__vector_18                                       /usr/lib/gcc/avr/4.3.2/../../../avr/lib/avr51/crtm128.o
__vector_19                                       /usr/lib/gcc/avr/4.3.2/../../../avr/lib/avr51/crtm128.o
__vector_2                                        /usr/lib/gcc/avr/4.3.2/../../../avr/lib/avr51/crtm128.o
__vector_20                                       /usr/lib/gcc/avr/4.3.2/../../../avr/lib/avr51/crtm128.o
__vector_21                                       /usr/lib/gcc/avr/4.3.2/../../../avr/lib/avr51/crtm128.o
__vector_22                                       /usr/lib/gcc/avr/4.3.2/../../../avr/lib/avr51/crtm128.o
__vector_23                                       /usr/lib/gcc/avr/4.3.2/../../../avr/lib/avr51/crtm128.o
__vector_24                                       /usr/lib/gcc/avr/4.3.2/../../../avr/lib/avr51/crtm128.o
__vector_25                                       /usr/lib/gcc/avr/4.3.2/../../../avr/lib/avr51/crtm128.o
__vector_26                                       /usr/lib/gcc/avr/4.3.2/../../../avr/lib/avr51/crtm128.o
__vector_27                                       /usr/lib/gcc/avr/4.3.2/../../../avr/lib/avr51/crtm128.o
__vector_28                                       /usr/lib/gcc/avr/4.3.2/../../../avr/lib/avr51/crtm128.o
__vector_29                                       /usr/lib/gcc/avr/4.3.2/../../../avr/lib/avr51/crtm128.o
__vector_3                                        /usr/lib/gcc/avr/4.3.2/../../../avr/lib/avr51/crtm128.o
__vector_30                                       /usr/lib/gcc/avr/4.3.2/../../../avr/lib/avr51/crtm128.o
__vector_31                                       /usr/lib/gcc/avr/4.3.2/../../../avr/lib/avr51/crtm128.o
__vector_32                                       /usr/lib/gcc/avr/4.3.2/../../../avr/lib/avr51/crtm128.o
__vector_33                                       /usr/lib/gcc/avr/4.3.2/../../../avr/lib/avr51/crtm128.o
__vector_34                                       /usr/lib/gcc/avr/4.3.2/../../../avr/lib/avr51/crtm128.o
__vector_4                                        /usr/lib/gcc/avr/4.3.2/../../../avr/lib/avr51/crtm128.o
__vector_5                                        /usr/lib/gcc/avr/4.3.2/../../../avr/lib/avr51/crtm128.o
__vector_6                                        /usr/lib/gcc/avr/4.3.2/../../../avr/lib/avr51/crtm128.o
__vector_7                                        /usr/lib/gcc/avr/4.3.2/../../../avr/lib/avr51/crtm128.o
__vector_8                                        /usr/lib/gcc/avr/4.3.2/../../../avr/lib/avr51/crtm128.o
__vector_9                                        /usr/lib/gcc/avr/4.3.2/../../../avr/lib/avr51/crtm128.o
__vector_default                                  /usr/lib/gcc/avr/4.3.2/../../../avr/lib/avr51/crtm128.o
__vectors                                         /usr/lib/gcc/avr/4.3.2/../../../avr/lib/avr51/crtm128.o
_div                                              /usr/lib/gcc/avr/4.3.2/avr51/libgcc.a(_divmodhi4.o)
_exit                                             /usr/lib/gcc/avr/4.3.2/avr51/libgcc.a(_exit.o)
dely_ns                                           2.o
exit                                              /usr/lib/gcc/avr/4.3.2/avr51/libgcc.a(_exit.o)
                                                  /usr/lib/gcc/avr/4.3.2/../../../avr/lib/avr51/crtm128.o
j                                                 2.o
k                                                 2.o
lcd_char                                          2.o
lcd_cmd                                           2.o
lcd_exit                                          2.o
lcd_gotoxy1                                       2.o
lcd_gotoxy2                                       2.o
lcd_init                                          2.o
lcd_putchar                                       2.o
lcd_showvalue                                     2.o
lcd_string                                        2.o
main                                              2.o
                                                  /usr/lib/gcc/avr/4.3.2/../../../avr/lib/avr51/crtm128.o
save                                              2.o
toggleE                                           2.o
