BL51 BANKED LINKER/LOCATER V6.22.4.0                                                    07/06/2023  17:37:52  PAGE 1


BL51 BANKED LINKER/LOCATER V6.22.4.0, INVOKED BY:
C:\KEIL_V5\C51\BIN\BL51.EXE .\Objects\STARTUP.obj, .\Objects\main.obj, .\Objects\Dot_Matrix_LCD_4bit_Mode.obj, .\Objects
>> \Ext_Interrupt.obj, .\Objects\I2C.obj, .\Objects\UART.obj, .\Objects\Timer.obj, .\Objects\Power_Mode.obj, .\Objects\S
>> PI.obj, .\Objects\Dot_Matrix_LCD.obj, .\Objects\External_Interrupt.obj, .\Objects\I2C_Interface.obj, .\Objects\UART_I
>> nterface.obj, .\Objects\Power_Modes.obj, .\Objects\Timer_Test.obj, .\Objects\SPI_Interface.obj TO .\Objects\8051_Samp
>> le_Test PRINT (.\Listings\8051_Sample_Test.m51)


MEMORY MODEL: SMALL


INPUT MODULES INCLUDED:
  .\Objects\STARTUP.obj (?C_STARTUP)
  .\Objects\main.obj (MAIN)
  .\Objects\Dot_Matrix_LCD_4bit_Mode.obj (DOT_MATRIX_LCD_4BIT_MODE)
  .\Objects\Ext_Interrupt.obj (EXT_INTERRUPT)
  .\Objects\I2C.obj (I2C)
  .\Objects\UART.obj (UART)
  .\Objects\Timer.obj (TIMER)
  .\Objects\Power_Mode.obj (POWER_MODE)
  .\Objects\SPI.obj (SPI)
  .\Objects\Dot_Matrix_LCD.obj (DOT_MATRIX_LCD)
  .\Objects\External_Interrupt.obj (EXTERNAL_INTERRUPT)
  .\Objects\I2C_Interface.obj (I2C_INTERFACE)
  .\Objects\UART_Interface.obj (UART_INTERFACE)
  .\Objects\Power_Modes.obj (POWER_MODES)
  .\Objects\Timer_Test.obj (TIMER_TEST)
  .\Objects\SPI_Interface.obj (SPI_INTERFACE)


LINK MAP OF MODULE:  .\Objects\8051_Sample_Test (?C_STARTUP)


            TYPE    BASE      LENGTH    RELOCATION   SEGMENT NAME
            -----------------------------------------------------

            * * * * * * *   D A T A   M E M O R Y   * * * * * * *
            REG     0000H     0008H     ABSOLUTE     "REG BANK 0"
            IDATA   0008H     0001H     UNIT         ?STACK

            * * * * * * *   C O D E   M E M O R Y   * * * * * * *
            CODE    0000H     0003H     ABSOLUTE     
                    0003H     07FDH                  *** GAP ***
            CODE    0800H     000CH     UNIT         ?C_C51STARTUP
            CODE    080CH     0002H     UNIT         ?PR?MAIN?MAIN



OVERLAY MAP OF MODULE:   .\Objects\8051_Sample_Test (?C_STARTUP)


SEGMENT
  +--> CALLED SEGMENT
---------------------
?C_C51STARTUP
  +--> ?PR?MAIN?MAIN


BL51 BANKED LINKER/LOCATER V6.22.4.0                                                  07/06/2023  17:37:52  PAGE 2



SYMBOL TABLE OF MODULE:  .\Objects\8051_Sample_Test (?C_STARTUP)

  VALUE           TYPE          NAME
  ----------------------------------

  -------         MODULE        ?C_STARTUP
  C:0800H         SEGMENT       ?C_C51STARTUP
  I:0008H         SEGMENT       ?STACK
  C:0000H         PUBLIC        ?C_STARTUP
  D:00E0H         SYMBOL        ACC
  D:00F0H         SYMBOL        B
  D:0083H         SYMBOL        DPH
  D:0082H         SYMBOL        DPL
  N:0000H         SYMBOL        IBPSTACK
  N:0100H         SYMBOL        IBPSTACKTOP
  N:0080H         SYMBOL        IDATALEN
  C:0803H         SYMBOL        IDATALOOP
  N:0000H         SYMBOL        PBPSTACK
  N:0100H         SYMBOL        PBPSTACKTOP
  N:0000H         SYMBOL        PDATALEN
  N:0000H         SYMBOL        PDATASTART
  N:0000H         SYMBOL        PPAGE
  N:0000H         SYMBOL        PPAGEENABLE
  D:00A0H         SYMBOL        PPAGE_SFR
  D:0081H         SYMBOL        SP
  C:0800H         SYMBOL        STARTUP1
  N:0000H         SYMBOL        XBPSTACK
  N:0000H         SYMBOL        XBPSTACKTOP
  N:0000H         SYMBOL        XDATALEN
  N:0000H         SYMBOL        XDATASTART
  C:0000H         LINE#         126
  C:0800H         LINE#         133
  C:0802H         LINE#         134
  C:0803H         LINE#         135
  C:0804H         LINE#         136
  C:0806H         LINE#         185
  C:0809H         LINE#         196
  -------         ENDMOD        ?C_STARTUP

  -------         MODULE        MAIN
  C:0000H         SYMBOL        _ICE_DUMMY_
  C:080CH         PUBLIC        main
  -------         PROC          MAIN
  C:080CH         LINE#         3
  C:080CH         LINE#         4
  C:080CH         LINE#         21
  -------         ENDPROC       MAIN
  -------         ENDMOD        MAIN

  -------         MODULE        DOT_MATRIX_LCD_4BIT_MODE
  C:0000H         SYMBOL        _ICE_DUMMY_
  -------         ENDMOD        DOT_MATRIX_LCD_4BIT_MODE

  -------         MODULE        EXT_INTERRUPT
  C:0000H         SYMBOL        _ICE_DUMMY_
  -------         ENDMOD        EXT_INTERRUPT
BL51 BANKED LINKER/LOCATER V6.22.4.0                                                  07/06/2023  17:37:52  PAGE 3



  -------         MODULE        I2C
  C:0000H         SYMBOL        _ICE_DUMMY_
  -------         ENDMOD        I2C

  -------         MODULE        UART
  C:0000H         SYMBOL        _ICE_DUMMY_
  -------         ENDMOD        UART

  -------         MODULE        TIMER
  C:0000H         SYMBOL        _ICE_DUMMY_
  -------         ENDMOD        TIMER

  -------         MODULE        POWER_MODE
  C:0000H         SYMBOL        _ICE_DUMMY_
  -------         ENDMOD        POWER_MODE

  -------         MODULE        SPI
  C:0000H         SYMBOL        _ICE_DUMMY_
  -------         ENDMOD        SPI

  -------         MODULE        DOT_MATRIX_LCD
  C:0000H         SYMBOL        _ICE_DUMMY_
  -------         ENDMOD        DOT_MATRIX_LCD

  -------         MODULE        EXTERNAL_INTERRUPT
  C:0000H         SYMBOL        _ICE_DUMMY_
  -------         ENDMOD        EXTERNAL_INTERRUPT

  -------         MODULE        I2C_INTERFACE
  C:0000H         SYMBOL        _ICE_DUMMY_
  -------         ENDMOD        I2C_INTERFACE

  -------         MODULE        UART_INTERFACE
  C:0000H         SYMBOL        _ICE_DUMMY_
  -------         ENDMOD        UART_INTERFACE

  -------         MODULE        POWER_MODES
  C:0000H         SYMBOL        _ICE_DUMMY_
  -------         ENDMOD        POWER_MODES

  -------         MODULE        TIMER_TEST
  C:0000H         SYMBOL        _ICE_DUMMY_
  -------         ENDMOD        TIMER_TEST

  -------         MODULE        SPI_INTERFACE
  C:0000H         SYMBOL        _ICE_DUMMY_
  -------         ENDMOD        SPI_INTERFACE

******************************************************************************
* RESTRICTED VERSION WITH 0800H BYTE CODE SIZE LIMIT; USED: 0011H BYTE ( 0%) *
******************************************************************************

Program Size: data=9.0 xdata=0 code=17
LINK/LOCATE RUN COMPLETE.  0 WARNING(S),  0 ERROR(S)
