BL51 BANKED LINKER/LOCATER V6.22.4.0                                                    07/07/2023  15:52:04  PAGE 1


BL51 BANKED LINKER/LOCATER V6.22.4.0, INVOKED BY:
C:\KEIL_V5\C51\BIN\BL51.EXE .\Objects\STARTUP.obj, .\Objects\main.obj, .\Objects\Dot_Matrix_LCD_4bit_Mode.obj, .\Objects
>> \Ext_Interrupt.obj, .\Objects\I2C.obj, .\Objects\UART.obj, .\Objects\Timer.obj, .\Objects\Power_Mode.obj, .\Objects\S
>> PI.obj, .\Objects\Dot_Matrix_LCD.obj, .\Objects\External_Interrupt.obj, .\Objects\I2C_Interface.obj, .\Objects\UART_I
>> nterface.obj, .\Objects\Power_Modes.obj, .\Objects\Timer_Test.obj, .\Objects\SPI_Interface.obj TO .\Objects\8051_Samp
>> le_Test PRINT (.\Listings\8051_Sample_Test.m51)


MEMORY MODEL: SMALL


INPUT MODULES INCLUDED:
  .\Objects\STARTUP.obj (?C_STARTUP)
  .\Objects\main.obj (MAIN)
  .\Objects\Dot_Matrix_LCD_4bit_Mode.obj (DOT_MATRIX_LCD_4BIT_MODE)
  .\Objects\Ext_Interrupt.obj (EXT_INTERRUPT)
  .\Objects\I2C.obj (I2C)
  .\Objects\UART.obj (UART)
  .\Objects\Timer.obj (TIMER)
  .\Objects\Power_Mode.obj (POWER_MODE)
  .\Objects\SPI.obj (SPI)
  .\Objects\Dot_Matrix_LCD.obj (DOT_MATRIX_LCD)
  .\Objects\External_Interrupt.obj (EXTERNAL_INTERRUPT)
  .\Objects\I2C_Interface.obj (I2C_INTERFACE)
  .\Objects\UART_Interface.obj (UART_INTERFACE)
  .\Objects\Power_Modes.obj (POWER_MODES)
  .\Objects\Timer_Test.obj (TIMER_TEST)
  .\Objects\SPI_Interface.obj (SPI_INTERFACE)
  C:\KEIL_V5\C51\LIB\C51S.LIB (?C_INIT)
  C:\KEIL_V5\C51\LIB\C51S.LIB (?C?CLDPTR)


LINK MAP OF MODULE:  .\Objects\8051_Sample_Test (?C_STARTUP)


            TYPE    BASE      LENGTH    RELOCATION   SEGMENT NAME
            -----------------------------------------------------

            * * * * * * *   D A T A   M E M O R Y   * * * * * * *
            REG     0000H     0008H     ABSOLUTE     "REG BANK 0"
            DATA    0008H     0022H     UNIT         ?DT?UART
            DATA    002AH     0002H     UNIT         ?DT?SMS_SEND?UART_INTERFACE
            DATA    002CH     0001H     UNIT         _DATA_GROUP_
            IDATA   002DH     0001H     UNIT         ?STACK

            * * * * * * *   C O D E   M E M O R Y   * * * * * * *
            CODE    0000H     0003H     ABSOLUTE     
                    0003H     07FDH                  *** GAP ***
            CODE    0800H     00E4H     UNIT         ?CO?UART_INTERFACE
            CODE    08E4H     008CH     UNIT         ?C_C51STARTUP
            CODE    0970H     0086H     UNIT         ?PR?UART_TEST?UART_INTERFACE
            CODE    09F6H     007FH     UNIT         ?PR?SMS_SEND?UART_INTERFACE
            CODE    0A75H     0035H     UNIT         ?PR?UART_RECEIVE_STRING?UART
            CODE    0AAAH     0020H     UNIT         ?PR?_UART_DELAY?UART
            CODE    0ACAH     001AH     UNIT         ?PR?CHECK_OK?UART_INTERFACE
            CODE    0AE4H     0019H     UNIT         ?C?LIB_CODE
            CODE    0AFDH     0013H     UNIT         ?PR?_UART_TRANSMIT_STRING?UART
            CODE    0B10H     000FH     UNIT         ?PR?UART_INIT?UART
BL51 BANKED LINKER/LOCATER V6.22.4.0                                                  07/07/2023  15:52:04  PAGE 2


            CODE    0B1FH     0008H     UNIT         ?PR?_UART_TRANSMIT_BYTE?UART
            CODE    0B27H     0008H     UNIT         ?PR?UART_RECEIVE_BYTE?UART
            CODE    0B2FH     0005H     UNIT         ?PR?MAIN?MAIN
            CODE    0B34H     0005H     UNIT         ?C_INITSEG



OVERLAY MAP OF MODULE:   .\Objects\8051_Sample_Test (?C_STARTUP)


SEGMENT                                  DATA_GROUP 
  +--> CALLED SEGMENT                  START    LENGTH
------------------------------------------------------
?C_C51STARTUP                          -----    -----
  +--> ?PR?MAIN?MAIN
  +--> ?C_INITSEG

?PR?MAIN?MAIN                          -----    -----
  +--> ?PR?UART_TEST?UART_INTERFACE

?PR?UART_TEST?UART_INTERFACE           002CH    0001H
  +--> ?PR?UART_INIT?UART
  +--> ?CO?UART_INTERFACE
  +--> ?PR?_UART_TRANSMIT_STRING?UART
  +--> ?PR?UART_RECEIVE_BYTE?UART
  +--> ?PR?_UART_TRANSMIT_BYTE?UART
  +--> ?PR?UART_RECEIVE_STRING?UART

?PR?_UART_TRANSMIT_STRING?UART         -----    -----
  +--> ?PR?_UART_TRANSMIT_BYTE?UART

?PR?UART_RECEIVE_STRING?UART           -----    -----
  +--> ?PR?UART_RECEIVE_BYTE?UART



SYMBOL TABLE OF MODULE:  .\Objects\8051_Sample_Test (?C_STARTUP)

  VALUE           TYPE          NAME
  ----------------------------------

  -------         MODULE        ?C_STARTUP
  C:08E4H         SEGMENT       ?C_C51STARTUP
  I:002DH         SEGMENT       ?STACK
  C:0000H         PUBLIC        ?C_STARTUP
  D:00E0H         SYMBOL        ACC
  D:00F0H         SYMBOL        B
  D:0083H         SYMBOL        DPH
  D:0082H         SYMBOL        DPL
  N:0000H         SYMBOL        IBPSTACK
  N:0100H         SYMBOL        IBPSTACKTOP
  N:0080H         SYMBOL        IDATALEN
  C:08E7H         SYMBOL        IDATALOOP
  N:0000H         SYMBOL        PBPSTACK
  N:0100H         SYMBOL        PBPSTACKTOP
  N:0000H         SYMBOL        PDATALEN
  N:0000H         SYMBOL        PDATASTART
BL51 BANKED LINKER/LOCATER V6.22.4.0                                                  07/07/2023  15:52:04  PAGE 3


  N:0000H         SYMBOL        PPAGE
  N:0000H         SYMBOL        PPAGEENABLE
  D:00A0H         SYMBOL        PPAGE_SFR
  D:0081H         SYMBOL        SP
  C:08E4H         SYMBOL        STARTUP1
  N:0000H         SYMBOL        XBPSTACK
  N:0000H         SYMBOL        XBPSTACKTOP
  N:0000H         SYMBOL        XDATALEN
  N:0000H         SYMBOL        XDATASTART
  C:0000H         LINE#         126
  C:08E4H         LINE#         133
  C:08E6H         LINE#         134
  C:08E7H         LINE#         135
  C:08E8H         LINE#         136
  C:08EAH         LINE#         185
  C:08EDH         LINE#         196
  -------         ENDMOD        ?C_STARTUP

  -------         MODULE        MAIN
  C:0000H         SYMBOL        _ICE_DUMMY_
  C:0B2FH         PUBLIC        main
  -------         PROC          MAIN
  C:0B2FH         LINE#         3
  C:0B2FH         LINE#         4
  C:0B2FH         LINE#         12
  C:0B32H         LINE#         21
  -------         ENDPROC       MAIN
  -------         ENDMOD        MAIN

  -------         MODULE        DOT_MATRIX_LCD_4BIT_MODE
  C:0000H         SYMBOL        _ICE_DUMMY_
  -------         ENDMOD        DOT_MATRIX_LCD_4BIT_MODE

  -------         MODULE        EXT_INTERRUPT
  C:0000H         SYMBOL        _ICE_DUMMY_
  -------         ENDMOD        EXT_INTERRUPT

  -------         MODULE        I2C
  C:0000H         SYMBOL        _ICE_DUMMY_
  -------         ENDMOD        I2C

  -------         MODULE        UART
  C:0000H         SYMBOL        _ICE_DUMMY_
  C:0AAAH         PUBLIC        _UART_Delay
  B:0098H.0       PUBLIC        RI
  B:0098H.1       PUBLIC        TI
  D:0099H         PUBLIC        SBUF
  C:0B10H         PUBLIC        UART_Init
  D:0098H         PUBLIC        SCON
  D:0089H         PUBLIC        TMOD
  C:0A75H         PUBLIC        UART_Receive_String
  D:0008H         PUBLIC        Rx_Buf
  D:0028H         PUBLIC        Rx_Len
  D:008DH         PUBLIC        TH1
  C:0AFDH         PUBLIC        _UART_Transmit_String
  D:008BH         PUBLIC        TL1
  B:0088H.6       PUBLIC        TR1
BL51 BANKED LINKER/LOCATER V6.22.4.0                                                  07/07/2023  15:52:04  PAGE 4


  C:0B27H         PUBLIC        UART_Receive_Byte
  C:0B1FH         PUBLIC        _UART_Transmit_Byte
  -------         PROC          UART_INIT
  C:0B10H         LINE#         9
  C:0B10H         LINE#         10
  C:0B10H         LINE#         11
  C:0B13H         LINE#         12
  C:0B16H         LINE#         13
  C:0B19H         LINE#         14
  C:0B1CH         LINE#         15
  C:0B1EH         LINE#         16
  -------         ENDPROC       UART_INIT
  -------         PROC          _UART_TRANSMIT_BYTE
  D:0007H         SYMBOL        ch
  C:0B1FH         LINE#         18
  C:0B1FH         LINE#         19
  C:0B1FH         LINE#         20
  C:0B21H         LINE#         21
  C:0B24H         LINE#         22
  C:0B26H         LINE#         23
  -------         ENDPROC       _UART_TRANSMIT_BYTE
  -------         PROC          _UART_TRANSMIT_STRING
  D:0001H         SYMBOL        str
  C:0AFDH         LINE#         25
  C:0AFDH         LINE#         26
  C:0AFDH         LINE#         27
  C:0B03H         LINE#         28
  C:0B03H         LINE#         29
  C:0B06H         LINE#         30
  C:0B0DH         LINE#         31
  C:0B0FH         LINE#         32
  -------         ENDPROC       _UART_TRANSMIT_STRING
  -------         PROC          UART_RECEIVE_BYTE
  -------         DO            
  D:0007H         SYMBOL        ch
  -------         ENDDO         
  C:0B27H         LINE#         34
  C:0B27H         LINE#         35
  C:0B27H         LINE#         37
  C:0B2AH         LINE#         38
  C:0B2CH         LINE#         39
  C:0B2EH         LINE#         40
  C:0B2EH         LINE#         41
  -------         ENDPROC       UART_RECEIVE_BYTE
  -------         PROC          UART_RECEIVE_STRING
  -------         DO            
  D:0007H         SYMBOL        ch
  -------         ENDDO         
  C:0A75H         LINE#         43
  C:0A75H         LINE#         44
  C:0A75H         LINE#         46
  C:0A7AH         LINE#         47
  C:0A7AH         LINE#         48
  C:0A7AH         LINE#         49
  C:0A7DH         LINE#         50
  C:0A87H         LINE#         51
  C:0A87H         LINE#         52
BL51 BANKED LINKER/LOCATER V6.22.4.0                                                  07/07/2023  15:52:04  PAGE 5


  C:0A8EH         LINE#         53
  C:0A90H         LINE#         55
  C:0A90H         LINE#         56
  C:0A97H         LINE#         57
  C:0A98H         LINE#         58
  C:0A98H         LINE#         59
  C:0AA0H         LINE#         60
  C:0AA9H         LINE#         61
  C:0AA9H         LINE#         62
  C:0AA9H         LINE#         63
  -------         ENDPROC       UART_RECEIVE_STRING
  -------         PROC          _UART_DELAY
  D:0006H         SYMBOL        count
  -------         DO            
  D:0004H         SYMBOL        i
  D:0002H         SYMBOL        j
  -------         ENDDO         
  C:0AAAH         LINE#         65
  C:0AAAH         LINE#         66
  C:0AAAH         LINE#         68
  C:0AB4H         LINE#         69
  C:0AB4H         LINE#         70
  C:0AC2H         LINE#         71
  C:0AC9H         LINE#         72
  -------         ENDPROC       _UART_DELAY
  -------         ENDMOD        UART

  -------         MODULE        TIMER
  C:0000H         SYMBOL        _ICE_DUMMY_
  -------         ENDMOD        TIMER

  -------         MODULE        POWER_MODE
  C:0000H         SYMBOL        _ICE_DUMMY_
  -------         ENDMOD        POWER_MODE

  -------         MODULE        SPI
  C:0000H         SYMBOL        _ICE_DUMMY_
  -------         ENDMOD        SPI

  -------         MODULE        DOT_MATRIX_LCD
  C:0000H         SYMBOL        _ICE_DUMMY_
  -------         ENDMOD        DOT_MATRIX_LCD

  -------         MODULE        EXTERNAL_INTERRUPT
  C:0000H         SYMBOL        _ICE_DUMMY_
  -------         ENDMOD        EXTERNAL_INTERRUPT

  -------         MODULE        I2C_INTERFACE
  C:0000H         SYMBOL        _ICE_DUMMY_
  -------         ENDMOD        I2C_INTERFACE

  -------         MODULE        UART_INTERFACE
  C:0000H         SYMBOL        _ICE_DUMMY_
  C:09F6H         PUBLIC        SMS_send
  C:0970H         PUBLIC        UART_Test
  C:0ACAH         PUBLIC        Check_OK
  -------         PROC          CHECK_OK
BL51 BANKED LINKER/LOCATER V6.22.4.0                                                  07/07/2023  15:52:04  PAGE 6


  C:0ACAH         LINE#         8
  C:0ACAH         LINE#         9
  C:0ACAH         LINE#         10
  C:0ACDH         LINE#         11
  C:0AD7H         LINE#         12
  C:0AD7H         LINE#         13
  C:0ADAH         LINE#         14
  C:0ADEH         LINE#         15
  C:0ADEH         LINE#         17
  C:0ADEH         LINE#         18
  C:0AE1H         LINE#         19
  C:0AE3H         LINE#         20
  C:0AE3H         LINE#         21
  -------         ENDPROC       CHECK_OK
  -------         PROC          SMS_SEND
  -------         DO            
  D:002AH         SYMBOL        Check_Count
  C:0A6EH         SYMBOL        EXIT
  -------         ENDDO         
  C:09F6H         LINE#         23
  C:09F6H         LINE#         24
  C:09F6H         LINE#         25
  C:09FBH         LINE#         27
  C:09FBH         LINE#         28
  C:0A04H         LINE#         29
  C:0A0BH         LINE#         30
  C:0A13H         LINE#         31
  C:0A1EH         LINE#         32
  C:0A1EH         LINE#         33
  C:0A27H         LINE#         34
  C:0A2BH         LINE#         36
  C:0A2BH         LINE#         37
  C:0A34H         LINE#         38
  C:0A3BH         LINE#         39
  C:0A43H         LINE#         40
  C:0A4EH         LINE#         41
  C:0A4EH         LINE#         42
  C:0A57H         LINE#         44
  C:0A60H         LINE#         45
  C:0A69H         LINE#         46
  C:0A6EH         LINE#         47
  C:0A6EH         LINE#         48
  -------         ENDPROC       SMS_SEND
  -------         PROC          UART_TEST
  -------         DO            
  D:002CH         SYMBOL        Rx_Val
  -------         ENDDO         
  C:0970H         LINE#         52
  C:0970H         LINE#         53
  C:0970H         LINE#         55
  C:0973H         LINE#         56
  C:097BH         LINE#         57
  C:097BH         LINE#         58
  C:097BH         LINE#         59
  C:0984H         LINE#         60
  C:098DH         LINE#         61
  C:0996H         LINE#         62
BL51 BANKED LINKER/LOCATER V6.22.4.0                                                  07/07/2023  15:52:04  PAGE 7


  C:099FH         LINE#         63
  C:09A4H         LINE#         64
  C:09ADH         LINE#         65
  C:09ADH         LINE#         66
  C:09ADH         LINE#         67
  C:09B6H         LINE#         68
  C:09BBH         LINE#         69
  C:09C4H         LINE#         70
  C:09C9H         LINE#         71
  C:09CBH         LINE#         72
  C:09CBH         LINE#         73
  C:09D4H         LINE#         74
  C:09D7H         LINE#         75
  C:09E0H         LINE#         76
  C:09E9H         LINE#         77
  C:09EBH         LINE#         78
  C:09EBH         LINE#         79
  C:09F4H         LINE#         80
  -------         ENDPROC       UART_TEST
  -------         ENDMOD        UART_INTERFACE

  -------         MODULE        POWER_MODES
  C:0000H         SYMBOL        _ICE_DUMMY_
  -------         ENDMOD        POWER_MODES

  -------         MODULE        TIMER_TEST
  C:0000H         SYMBOL        _ICE_DUMMY_
  -------         ENDMOD        TIMER_TEST

  -------         MODULE        SPI_INTERFACE
  C:0000H         SYMBOL        _ICE_DUMMY_
  -------         ENDMOD        SPI_INTERFACE

  -------         MODULE        ?C?CLDPTR
  C:0AE4H         PUBLIC        ?C?CLDPTR
  -------         ENDMOD        ?C?CLDPTR

*** WARNING L16: UNCALLED SEGMENT, IGNORED FOR OVERLAY PROCESS
    SEGMENT: ?PR?SMS_SEND?UART_INTERFACE

******************************************************************************
* RESTRICTED VERSION WITH 0800H BYTE CODE SIZE LIMIT; USED: 02A2H BYTE (32%) *
******************************************************************************

Program Size: data=46.0 xdata=0 code=828
LINK/LOCATE RUN COMPLETE.  1 WARNING(S),  0 ERROR(S)
