BL51 BANKED LINKER/LOCATER V6.22.4.0                                                    07/06/2023  21:16:52  PAGE 1


BL51 BANKED LINKER/LOCATER V6.22.4.0, INVOKED BY:
C:\KEIL_V5\C51\BIN\BL51.EXE .\Objects\STARTUP.obj, .\Objects\main.obj, .\Objects\Dot_Matrix_LCD_4bit_Mode.obj, .\Objects
>> \Ext_Interrupt.obj, .\Objects\I2C.obj, .\Objects\UART.obj, .\Objects\Timer.obj, .\Objects\Power_Mode.obj, .\Objects\S
>> PI.obj, .\Objects\Dot_Matrix_LCD.obj, .\Objects\External_Interrupt.obj, .\Objects\I2C_Interface.obj, .\Objects\UART_I
>> nterface.obj, .\Objects\Power_Modes.obj, .\Objects\Timer_Test.obj, .\Objects\SPI_Interface.obj TO .\Objects\8051_Samp
>> le_Test PRINT (.\Listings\8051_Sample_Test.m51)


MEMORY MODEL: SMALL


INPUT MODULES INCLUDED:
  .\Objects\STARTUP.obj (?C_STARTUP)
  .\Objects\main.obj (MAIN)
  .\Objects\Dot_Matrix_LCD_4bit_Mode.obj (DOT_MATRIX_LCD_4BIT_MODE)
  .\Objects\Ext_Interrupt.obj (EXT_INTERRUPT)
  .\Objects\I2C.obj (I2C)
  .\Objects\UART.obj (UART)
  .\Objects\Timer.obj (TIMER)
  .\Objects\Power_Mode.obj (POWER_MODE)
  .\Objects\SPI.obj (SPI)
  .\Objects\Dot_Matrix_LCD.obj (DOT_MATRIX_LCD)
  .\Objects\External_Interrupt.obj (EXTERNAL_INTERRUPT)
  .\Objects\I2C_Interface.obj (I2C_INTERFACE)
  .\Objects\UART_Interface.obj (UART_INTERFACE)
  .\Objects\Power_Modes.obj (POWER_MODES)
  .\Objects\Timer_Test.obj (TIMER_TEST)
  .\Objects\SPI_Interface.obj (SPI_INTERFACE)


LINK MAP OF MODULE:  .\Objects\8051_Sample_Test (?C_STARTUP)


            TYPE    BASE      LENGTH    RELOCATION   SEGMENT NAME
            -----------------------------------------------------

            * * * * * * *   D A T A   M E M O R Y   * * * * * * *
            REG     0000H     0008H     ABSOLUTE     "REG BANK 0"
            DATA    0008H     0002H     UNIT         _DATA_GROUP_
            IDATA   000AH     0001H     UNIT         ?STACK

            * * * * * * *   C O D E   M E M O R Y   * * * * * * *
            CODE    0000H     0003H     ABSOLUTE     
                    0003H     0008H                  *** GAP ***
            CODE    000BH     0003H     ABSOLUTE     
                    000EH     000DH                  *** GAP ***
            CODE    001BH     0003H     ABSOLUTE     
                    001EH     07E2H                  *** GAP ***
            CODE    0800H     0014H     UNIT         ?PR?_TIMER_TEST?TIMER_TEST
            CODE    0814H     000DH     UNIT         ?PR?TIMER0_DELAY?TIMER
            CODE    0821H     000DH     UNIT         ?PR?TIMER1_DELAY?TIMER
            CODE    082EH     000CH     UNIT         ?C_C51STARTUP
            CODE    083AH     0009H     UNIT         ?PR?TIMER0_ISR?TIMER
            CODE    0843H     0009H     UNIT         ?PR?TIMER1_ISR?TIMER
            CODE    084CH     0008H     UNIT         ?PR?MAIN?MAIN
            CODE    0854H     0004H     UNIT         ?PR?TIMER_INIT?TIMER


BL51 BANKED LINKER/LOCATER V6.22.4.0                                                  07/06/2023  21:16:52  PAGE 2



OVERLAY MAP OF MODULE:   .\Objects\8051_Sample_Test (?C_STARTUP)


SEGMENT                              DATA_GROUP 
  +--> CALLED SEGMENT              START    LENGTH
--------------------------------------------------
?C_C51STARTUP                      -----    -----
  +--> ?PR?MAIN?MAIN

?PR?MAIN?MAIN                      -----    -----
  +--> ?PR?_TIMER_TEST?TIMER_TEST

?PR?_TIMER_TEST?TIMER_TEST         0008H    0002H
  +--> ?PR?TIMER_INIT?TIMER
  +--> ?PR?TIMER0_DELAY?TIMER
  +--> ?PR?TIMER1_DELAY?TIMER



SYMBOL TABLE OF MODULE:  .\Objects\8051_Sample_Test (?C_STARTUP)

  VALUE           TYPE          NAME
  ----------------------------------

  -------         MODULE        ?C_STARTUP
  C:082EH         SEGMENT       ?C_C51STARTUP
  I:000AH         SEGMENT       ?STACK
  C:0000H         PUBLIC        ?C_STARTUP
  D:00E0H         SYMBOL        ACC
  D:00F0H         SYMBOL        B
  D:0083H         SYMBOL        DPH
  D:0082H         SYMBOL        DPL
  N:0000H         SYMBOL        IBPSTACK
  N:0100H         SYMBOL        IBPSTACKTOP
  N:0080H         SYMBOL        IDATALEN
  C:0831H         SYMBOL        IDATALOOP
  N:0000H         SYMBOL        PBPSTACK
  N:0100H         SYMBOL        PBPSTACKTOP
  N:0000H         SYMBOL        PDATALEN
  N:0000H         SYMBOL        PDATASTART
  N:0000H         SYMBOL        PPAGE
  N:0000H         SYMBOL        PPAGEENABLE
  D:00A0H         SYMBOL        PPAGE_SFR
  D:0081H         SYMBOL        SP
  C:082EH         SYMBOL        STARTUP1
  N:0000H         SYMBOL        XBPSTACK
  N:0000H         SYMBOL        XBPSTACKTOP
  N:0000H         SYMBOL        XDATALEN
  N:0000H         SYMBOL        XDATASTART
  C:0000H         LINE#         126
  C:082EH         LINE#         133
  C:0830H         LINE#         134
  C:0831H         LINE#         135
  C:0832H         LINE#         136
  C:0834H         LINE#         185
  C:0837H         LINE#         196
BL51 BANKED LINKER/LOCATER V6.22.4.0                                                  07/06/2023  21:16:52  PAGE 3


  -------         ENDMOD        ?C_STARTUP

  -------         MODULE        MAIN
  C:0000H         SYMBOL        _ICE_DUMMY_
  C:084CH         PUBLIC        main
  -------         PROC          MAIN
  C:084CH         LINE#         3
  C:084CH         LINE#         4
  C:084CH         LINE#         16
  C:0852H         LINE#         21
  -------         ENDPROC       MAIN
  -------         ENDMOD        MAIN

  -------         MODULE        DOT_MATRIX_LCD_4BIT_MODE
  C:0000H         SYMBOL        _ICE_DUMMY_
  -------         ENDMOD        DOT_MATRIX_LCD_4BIT_MODE

  -------         MODULE        EXT_INTERRUPT
  C:0000H         SYMBOL        _ICE_DUMMY_
  -------         ENDMOD        EXT_INTERRUPT

  -------         MODULE        I2C
  C:0000H         SYMBOL        _ICE_DUMMY_
  -------         ENDMOD        I2C

  -------         MODULE        UART
  C:0000H         SYMBOL        _ICE_DUMMY_
  -------         ENDMOD        UART

  -------         MODULE        TIMER
  C:0000H         SYMBOL        _ICE_DUMMY_
  D:0090H         PUBLIC        P1
  C:083AH         PUBLIC        TIMER0_ISR
  C:0843H         PUBLIC        TIMER1_ISR
  C:0814H         PUBLIC        TIMER0_Delay
  B:00A8H.7       PUBLIC        EA
  C:0821H         PUBLIC        TIMER1_Delay
  D:0089H         PUBLIC        TMOD
  B:00A8H.1       PUBLIC        ET0
  B:00A8H.3       PUBLIC        ET1
  D:008CH         PUBLIC        TH0
  D:008DH         PUBLIC        TH1
  D:008AH         PUBLIC        TL0
  D:008BH         PUBLIC        TL1
  B:0090H.7       PUBLIC        LED
  B:0088H.4       PUBLIC        TR0
  B:0088H.6       PUBLIC        TR1
  C:0854H         PUBLIC        TIMER_Init
  -------         PROC          TIMER_INIT
  C:0854H         LINE#         7
  C:0854H         LINE#         8
  C:0854H         LINE#         9
  C:0857H         LINE#         10
  -------         ENDPROC       TIMER_INIT
  -------         PROC          TIMER0_DELAY
  C:0814H         LINE#         12
  C:0814H         LINE#         13
BL51 BANKED LINKER/LOCATER V6.22.4.0                                                  07/06/2023  21:16:52  PAGE 4


  C:0814H         LINE#         14
  C:0817H         LINE#         15
  C:081AH         LINE#         16
  C:081CH         LINE#         17
  C:081EH         LINE#         18
  C:0820H         LINE#         19
  -------         ENDPROC       TIMER0_DELAY
  -------         PROC          TIMER1_DELAY
  C:0821H         LINE#         21
  C:0821H         LINE#         22
  C:0821H         LINE#         23
  C:0824H         LINE#         24
  C:0827H         LINE#         25
  C:0829H         LINE#         26
  C:082BH         LINE#         27
  C:082DH         LINE#         28
  -------         ENDPROC       TIMER1_DELAY
  -------         PROC          TIMER0_ISR
  C:083AH         LINE#         30
  C:083AH         LINE#         32
  C:083DH         LINE#         33
  C:0840H         LINE#         34
  C:0842H         LINE#         35
  -------         ENDPROC       TIMER0_ISR
  -------         PROC          TIMER1_ISR
  C:0843H         LINE#         37
  C:0843H         LINE#         39
  C:0846H         LINE#         40
  C:0849H         LINE#         41
  C:084BH         LINE#         42
  -------         ENDPROC       TIMER1_ISR
  -------         ENDMOD        TIMER

  -------         MODULE        POWER_MODE
  C:0000H         SYMBOL        _ICE_DUMMY_
  -------         ENDMOD        POWER_MODE

  -------         MODULE        SPI
  C:0000H         SYMBOL        _ICE_DUMMY_
  -------         ENDMOD        SPI

  -------         MODULE        DOT_MATRIX_LCD
  C:0000H         SYMBOL        _ICE_DUMMY_
  -------         ENDMOD        DOT_MATRIX_LCD

  -------         MODULE        EXTERNAL_INTERRUPT
  C:0000H         SYMBOL        _ICE_DUMMY_
  -------         ENDMOD        EXTERNAL_INTERRUPT

  -------         MODULE        I2C_INTERFACE
  C:0000H         SYMBOL        _ICE_DUMMY_
  -------         ENDMOD        I2C_INTERFACE

  -------         MODULE        UART_INTERFACE
  C:0000H         SYMBOL        _ICE_DUMMY_
  -------         ENDMOD        UART_INTERFACE

BL51 BANKED LINKER/LOCATER V6.22.4.0                                                  07/06/2023  21:16:52  PAGE 5


  -------         MODULE        POWER_MODES
  C:0000H         SYMBOL        _ICE_DUMMY_
  -------         ENDMOD        POWER_MODES

  -------         MODULE        TIMER_TEST
  C:0000H         SYMBOL        _ICE_DUMMY_
  C:0800H         PUBLIC        _TIMER_Test
  -------         PROC          _TIMER_TEST
  D:0008H         SYMBOL        Timer_Num
  C:0800H         LINE#         5
  C:0804H         LINE#         6
  C:0804H         LINE#         7
  C:0807H         LINE#         8
  C:080DH         LINE#         9
  C:080DH         LINE#         10
  C:0810H         LINE#         11
  C:0810H         LINE#         13
  C:0810H         LINE#         14
  C:0813H         LINE#         15
  C:0813H         LINE#         16
  -------         ENDPROC       _TIMER_TEST
  -------         ENDMOD        TIMER_TEST

  -------         MODULE        SPI_INTERFACE
  C:0000H         SYMBOL        _ICE_DUMMY_
  -------         ENDMOD        SPI_INTERFACE

******************************************************************************
* RESTRICTED VERSION WITH 0800H BYTE CODE SIZE LIMIT; USED: 0061H BYTE ( 4%) *
******************************************************************************

Program Size: data=11.0 xdata=0 code=97
LINK/LOCATE RUN COMPLETE.  0 WARNING(S),  0 ERROR(S)
